// Jest Snapshot v1, https://goo.gl/fbAQLP

exports[`sanitizer do not oversanitize math - test color 1`] = `"<p><span class=\\"math math-inline math-display\\"><span class=\\"katex-display\\"><span class=\\"katex\\"><span class=\\"katex-mathml\\"><math xmlns=\\"http://www.w3.org/1998/Math/MathML\\"><semantics><mrow><mstyle mathcolor=\\"red\\"><mi>x</mi></mstyle></mrow><annotation encoding=\\"application/x-tex\\">\\\\color{red}{x}</annotation></semantics></math></span><span class=\\"katex-html\\" aria-hidden=\\"true\\"><span class=\\"base\\"><span class=\\"strut\\" style=\\"height:0.43056em;vertical-align:0em;\\"></span><span class=\\"mord\\" style=\\"color:red;\\"><span class=\\"mord mathdefault\\" style=\\"color:red;\\">x</span></span></span></span></span></span></span></p>"`;

exports[`sanitizer do not oversanitize math - test frac 1`] = `"<p><span class=\\"math math-inline math-display\\"><span class=\\"katex-display\\"><span class=\\"katex\\"><span class=\\"katex-mathml\\"><math xmlns=\\"http://www.w3.org/1998/Math/MathML\\"><semantics><mrow><mfrac><mrow><mn>1</mn><mo>+</mo><mn>1</mn></mrow><mrow><mi>x</mi><mo>+</mo><mi>y</mi></mrow></mfrac></mrow><annotation encoding=\\"application/x-tex\\">\\\\frac{1+1}{x+y}</annotation></semantics></math></span><span class=\\"katex-html\\" aria-hidden=\\"true\\"><span class=\\"base\\"><span class=\\"strut\\" style=\\"height:2.20188em;vertical-align:-0.8804400000000001em;\\"></span><span class=\\"mord\\"><span class=\\"mopen nulldelimiter\\"></span><span class=\\"mfrac\\"><span class=\\"vlist-t vlist-t2\\"><span class=\\"vlist-r\\"><span class=\\"vlist\\" style=\\"height:1.32144em;\\"><span style=\\"top:-2.314em;\\"><span class=\\"pstrut\\" style=\\"height:3em;\\"></span><span class=\\"mord\\"><span class=\\"mord mathdefault\\">x</span><span class=\\"mspace\\" style=\\"margin-right:0.2222222222222222em;\\"></span><span class=\\"mbin\\">+</span><span class=\\"mspace\\" style=\\"margin-right:0.2222222222222222em;\\"></span><span class=\\"mord mathdefault\\" style=\\"margin-right:0.03588em;\\">y</span></span></span><span style=\\"top:-3.23em;\\"><span class=\\"pstrut\\" style=\\"height:3em;\\"></span><span class=\\"frac-line\\" style=\\"border-bottom-width:0.04em;\\"></span></span><span style=\\"top:-3.677em;\\"><span class=\\"pstrut\\" style=\\"height:3em;\\"></span><span class=\\"mord\\"><span class=\\"mord\\">1</span><span class=\\"mspace\\" style=\\"margin-right:0.2222222222222222em;\\"></span><span class=\\"mbin\\">+</span><span class=\\"mspace\\" style=\\"margin-right:0.2222222222222222em;\\"></span><span class=\\"mord\\">1</span></span></span></span><span class=\\"vlist-s\\">​</span></span><span class=\\"vlist-r\\"><span class=\\"vlist\\" style=\\"height:0.8804400000000001em;\\"><span></span></span></span></span></span><span class=\\"mclose nulldelimiter\\"></span></span></span></span></span></span></span></p>"`;

exports[`sanitizer do not oversanitize math - test notin 1`] = `"<p><span class=\\"math math-inline math-display\\"><span class=\\"katex-display\\"><span class=\\"katex\\"><span class=\\"katex-mathml\\"><math xmlns=\\"http://www.w3.org/1998/Math/MathML\\"><semantics><mrow><mo mathvariant=\\"normal\\">∉</mo></mrow><annotation encoding=\\"application/x-tex\\">\\\\notin</annotation></semantics></math></span><span class=\\"katex-html\\" aria-hidden=\\"true\\"><span class=\\"base\\"><span class=\\"strut\\" style=\\"height:1em;vertical-align:-0.25em;\\"></span><span class=\\"mrel\\"><span class=\\"mord\\"><span class=\\"mrel\\">∈</span></span><span class=\\"mord\\"><span class=\\"vlist-t vlist-t2\\"><span class=\\"vlist-r\\"><span class=\\"vlist\\" style=\\"height:0.75em;\\"><span style=\\"top:-3em;\\"><span class=\\"pstrut\\" style=\\"height:3em;\\"></span><span class=\\"llap\\"><span class=\\"strut\\" style=\\"height:1em;vertical-align:-0.25em;\\"></span><span class=\\"inner\\"><span class=\\"mord\\"><span class=\\"mord\\">/</span><span class=\\"mspace\\" style=\\"margin-right:0.05555555555555555em;\\"></span></span></span><span class=\\"fix\\"></span></span></span></span><span class=\\"vlist-s\\">​</span></span><span class=\\"vlist-r\\"><span class=\\"vlist\\" style=\\"height:0.25em;\\"><span></span></span></span></span></span></span></span></span></span></span></span></p>"`;

exports[`sanitizer do not oversanitize math - test overrightarrow 1`] = `
"<p><span class=\\"math math-inline math-display\\"><span class=\\"katex-display\\"><span class=\\"katex\\"><span class=\\"katex-mathml\\"><math xmlns=\\"http://www.w3.org/1998/Math/MathML\\"><semantics><mrow><mover accent=\\"true\\"><mrow><mi>A</mi><mi>B</mi></mrow><mo stretchy=\\"true\\">→</mo></mover></mrow><annotation encoding=\\"application/x-tex\\">\\\\overrightarrow{AB}</annotation></semantics></math></span><span class=\\"katex-html\\" aria-hidden=\\"true\\"><span class=\\"base\\"><span class=\\"strut\\" style=\\"height:1.20533em;vertical-align:0em;\\"></span><span class=\\"mord accent\\"><span class=\\"vlist-t\\"><span class=\\"vlist-r\\"><span class=\\"vlist\\" style=\\"height:1.20533em;\\"><span style=\\"top:-3em;\\"><span class=\\"pstrut\\" style=\\"height:3em;\\"></span><span class=\\"mord\\"><span class=\\"mord mathdefault\\">A</span><span class=\\"mord mathdefault\\" style=\\"margin-right:0.05017em;\\">B</span></span></span><span class=\\"svg-align\\" style=\\"top:-3.6833299999999998em;\\"><span class=\\"pstrut\\" style=\\"height:3em;\\"></span><span class=\\"hide-tail\\" style=\\"height:0.522em;min-width:0.888em;\\"><svg width=\\"400em\\" height=\\"0.522em\\" viewBox=\\"0 0 400000 522\\" preserveAspectRatio=\\"xMaxYMin slice\\"><path d=\\"M0 241v40h399891c-47.3 35.3-84 78-110 128
-16.7 32-27.7 63.7-33 95 0 1.3-.2 2.7-.5 4-.3 1.3-.5 2.3-.5 3 0 7.3 6.7 11 20
 11 8 0 13.2-.8 15.5-2.5 2.3-1.7 4.2-5.5 5.5-11.5 2-13.3 5.7-27 11-41 14.7-44.7
 39-84.5 73-119.5s73.7-60.2 119-75.5c6-2 9-5.7 9-11s-3-9-9-11c-45.3-15.3-85
-40.5-119-75.5s-58.3-74.8-73-119.5c-4.7-14-8.3-27.3-11-40-1.3-6.7-3.2-10.8-5.5
-12.5-2.3-1.7-7.5-2.5-15.5-2.5-14 0-21 3.7-21 11 0 2 2 10.3 6 25 20.7 83.3 67
 151.7 139 205zm0 0v40h399900v-40z\\"></path></svg></span></span></span></span></span></span></span></span></span></span></span></p>"
`;

exports[`sanitizer do not oversanitize math - test sqrt 1`] = `
"<p><span class=\\"math math-inline math-display\\"><span class=\\"katex-display\\"><span class=\\"katex\\"><span class=\\"katex-mathml\\"><math xmlns=\\"http://www.w3.org/1998/Math/MathML\\"><semantics><mrow><mroot><mrow><msup><mi>x</mi><mn>3</mn></msup><mo>+</mo><msup><mi>y</mi><mn>3</mn></msup><mo>+</mo><msup><mi>z</mi><mn>3</mn></msup></mrow><mn>3</mn></mroot></mrow><annotation encoding=\\"application/x-tex\\">\\\\sqrt[3]{x^3 + y^3 + z^3}</annotation></semantics></math></span><span class=\\"katex-html\\" aria-hidden=\\"true\\"><span class=\\"base\\"><span class=\\"strut\\" style=\\"height:1.24em;vertical-align:-0.23329099999999992em;\\"></span><span class=\\"mord sqrt\\"><span class=\\"root\\"><span class=\\"vlist-t\\"><span class=\\"vlist-r\\"><span class=\\"vlist\\" style=\\"height:0.7862708em;\\"><span style=\\"top:-2.9640508em;\\"><span class=\\"pstrut\\" style=\\"height:2.5em;\\"></span><span class=\\"sizing reset-size6 size1 mtight\\"><span class=\\"mord mtight\\"><span class=\\"mord mtight\\">3</span></span></span></span></span></span></span></span><span class=\\"vlist-t vlist-t2\\"><span class=\\"vlist-r\\"><span class=\\"vlist\\" style=\\"height:1.006709em;\\"><span class=\\"svg-align\\" style=\\"top:-3.2em;\\"><span class=\\"pstrut\\" style=\\"height:3.2em;\\"></span><span class=\\"mord\\" style=\\"padding-left:1em;\\"><span class=\\"mord\\"><span class=\\"mord mathdefault\\">x</span><span class=\\"msupsub\\"><span class=\\"vlist-t\\"><span class=\\"vlist-r\\"><span class=\\"vlist\\" style=\\"height:0.740108em;\\"><span style=\\"top:-2.9890000000000003em;margin-right:0.05em;\\"><span class=\\"pstrut\\" style=\\"height:2.7em;\\"></span><span class=\\"sizing reset-size6 size3 mtight\\"><span class=\\"mord mtight\\">3</span></span></span></span></span></span></span></span><span class=\\"mspace\\" style=\\"margin-right:0.2222222222222222em;\\"></span><span class=\\"mbin\\">+</span><span class=\\"mspace\\" style=\\"margin-right:0.2222222222222222em;\\"></span><span class=\\"mord\\"><span class=\\"mord mathdefault\\" style=\\"margin-right:0.03588em;\\">y</span><span class=\\"msupsub\\"><span class=\\"vlist-t\\"><span class=\\"vlist-r\\"><span class=\\"vlist\\" style=\\"height:0.740108em;\\"><span style=\\"top:-2.9890000000000003em;margin-right:0.05em;\\"><span class=\\"pstrut\\" style=\\"height:2.7em;\\"></span><span class=\\"sizing reset-size6 size3 mtight\\"><span class=\\"mord mtight\\">3</span></span></span></span></span></span></span></span><span class=\\"mspace\\" style=\\"margin-right:0.2222222222222222em;\\"></span><span class=\\"mbin\\">+</span><span class=\\"mspace\\" style=\\"margin-right:0.2222222222222222em;\\"></span><span class=\\"mord\\"><span class=\\"mord mathdefault\\" style=\\"margin-right:0.04398em;\\">z</span><span class=\\"msupsub\\"><span class=\\"vlist-t\\"><span class=\\"vlist-r\\"><span class=\\"vlist\\" style=\\"height:0.740108em;\\"><span style=\\"top:-2.9890000000000003em;margin-right:0.05em;\\"><span class=\\"pstrut\\" style=\\"height:2.7em;\\"></span><span class=\\"sizing reset-size6 size3 mtight\\"><span class=\\"mord mtight\\">3</span></span></span></span></span></span></span></span></span></span><span style=\\"top:-2.9667090000000003em;\\"><span class=\\"pstrut\\" style=\\"height:3.2em;\\"></span><span class=\\"hide-tail\\" style=\\"min-width:1.02em;height:1.28em;\\"><svg width=\\"400em\\" height=\\"1.28em\\" viewBox=\\"0 0 400000 1296\\" preserveAspectRatio=\\"xMinYMin slice\\"><path d=\\"M263,681c0.7,0,18,39.7,52,119
c34,79.3,68.167,158.7,102.5,238c34.3,79.3,51.8,119.3,52.5,120
c340,-704.7,510.7,-1060.3,512,-1067
l0 -0
c4.7,-7.3,11,-11,19,-11
H40000v40H1012.3
s-271.3,567,-271.3,567c-38.7,80.7,-84,175,-136,283c-52,108,-89.167,185.3,-111.5,232
c-22.3,46.7,-33.8,70.3,-34.5,71c-4.7,4.7,-12.3,7,-23,7s-12,-1,-12,-1
s-109,-253,-109,-253c-72.7,-168,-109.3,-252,-110,-252c-10.7,8,-22,16.7,-34,26
c-22,17.3,-33.3,26,-34,26s-26,-26,-26,-26s76,-59,76,-59s76,-60,76,-60z
M1001 80h400000v40h-400000z\\"></path></svg></span></span></span><span class=\\"vlist-s\\">​</span></span><span class=\\"vlist-r\\"><span class=\\"vlist\\" style=\\"height:0.23329099999999992em;\\"><span></span></span></span></span></span></span></span></span></span></span></p>"
`;

exports[`sanitizer do not oversanitize math - test sub/sup 1`] = `"<p><span class=\\"math math-inline math-display\\"><span class=\\"katex-display\\"><span class=\\"katex\\"><span class=\\"katex-mathml\\"><math xmlns=\\"http://www.w3.org/1998/Math/MathML\\"><semantics><mrow><msub><mn>1</mn><mi>n</mi></msub><mo>+</mo><msup><mn>1</mn><mi>n</mi></msup></mrow><annotation encoding=\\"application/x-tex\\">1_n + 1^n</annotation></semantics></math></span><span class=\\"katex-html\\" aria-hidden=\\"true\\"><span class=\\"base\\"><span class=\\"strut\\" style=\\"height:0.79444em;vertical-align:-0.15em;\\"></span><span class=\\"mord\\"><span class=\\"mord\\">1</span><span class=\\"msupsub\\"><span class=\\"vlist-t vlist-t2\\"><span class=\\"vlist-r\\"><span class=\\"vlist\\" style=\\"height:0.151392em;\\"><span style=\\"top:-2.5500000000000003em;margin-left:0em;margin-right:0.05em;\\"><span class=\\"pstrut\\" style=\\"height:2.7em;\\"></span><span class=\\"sizing reset-size6 size3 mtight\\"><span class=\\"mord mathdefault mtight\\">n</span></span></span></span><span class=\\"vlist-s\\">​</span></span><span class=\\"vlist-r\\"><span class=\\"vlist\\" style=\\"height:0.15em;\\"><span></span></span></span></span></span></span><span class=\\"mspace\\" style=\\"margin-right:0.2222222222222222em;\\"></span><span class=\\"mbin\\">+</span><span class=\\"mspace\\" style=\\"margin-right:0.2222222222222222em;\\"></span></span><span class=\\"base\\"><span class=\\"strut\\" style=\\"height:0.7143919999999999em;vertical-align:0em;\\"></span><span class=\\"mord\\"><span class=\\"mord\\">1</span><span class=\\"msupsub\\"><span class=\\"vlist-t\\"><span class=\\"vlist-r\\"><span class=\\"vlist\\" style=\\"height:0.7143919999999999em;\\"><span style=\\"top:-3.113em;margin-right:0.05em;\\"><span class=\\"pstrut\\" style=\\"height:2.7em;\\"></span><span class=\\"sizing reset-size6 size3 mtight\\"><span class=\\"mord mathdefault mtight\\">n</span></span></span></span></span></span></span></span></span></span></span></span></span></p>"`;

exports[`sanitizer do not oversanitize math - test vec 1`] = `
"<p><span class=\\"math math-inline math-display\\"><span class=\\"katex-display\\"><span class=\\"katex\\"><span class=\\"katex-mathml\\"><math xmlns=\\"http://www.w3.org/1998/Math/MathML\\"><semantics><mrow><mover accent=\\"true\\"><mi>a</mi><mo>⃗</mo></mover></mrow><annotation encoding=\\"application/x-tex\\">\\\\vec{a}</annotation></semantics></math></span><span class=\\"katex-html\\" aria-hidden=\\"true\\"><span class=\\"base\\"><span class=\\"strut\\" style=\\"height:0.714em;vertical-align:0em;\\"></span><span class=\\"mord accent\\"><span class=\\"vlist-t\\"><span class=\\"vlist-r\\"><span class=\\"vlist\\" style=\\"height:0.714em;\\"><span style=\\"top:-3em;\\"><span class=\\"pstrut\\" style=\\"height:3em;\\"></span><span class=\\"mord\\"><span class=\\"mord mathdefault\\">a</span></span></span><span style=\\"top:-3em;\\"><span class=\\"pstrut\\" style=\\"height:3em;\\"></span><span class=\\"accent-body\\" style=\\"left:-0.2355em;\\"><span class=\\"overlay\\" style=\\"height:0.714em;width:0.471em;\\"><svg width=\\"0.471em\\" height=\\"0.714em\\" style=\\"width:0.471em\\" viewBox=\\"0 0 471 714\\" preserveAspectRatio=\\"xMinYMin\\"><path d=\\"M377 20c0-5.333 1.833-10 5.5-14S391 0 397 0c4.667 0 8.667 1.667 12 5
3.333 2.667 6.667 9 10 19 6.667 24.667 20.333 43.667 41 57 7.333 4.667 11
10.667 11 18 0 6-1 10-3 12s-6.667 5-14 9c-28.667 14.667-53.667 35.667-75 63
-1.333 1.333-3.167 3.5-5.5 6.5s-4 4.833-5 5.5c-1 .667-2.5 1.333-4.5 2s-4.333 1
-7 1c-4.667 0-9.167-1.833-13.5-5.5S337 184 337 178c0-12.667 15.667-32.333 47-59
H213l-171-1c-8.667-6-13-12.333-13-19 0-4.667 4.333-11.333 13-20h359
c-16-25.333-24-45-24-59z\\"></path></svg></span></span></span></span></span></span></span></span></span></span></span></span></p>"
`;
